// Jest Snapshot v1, https://goo.gl/fbAQLP

exports[`Pruebas en <AddCategory /> Deber√≠a de hacer match con el snapshot anterior 1`] = `
<div>
  <form
    name="gif-search"
  >
    <input
      placeholder="Buscar gifs"
      type="text"
      value=""
    />
  </form>
</div>
`;
