// Jest Snapshot v1, https://goo.gl/fbAQLP

exports[`Pruebas en <GifExpertApp /> Deberia de hacer match con el snapshot 1`] = `
<div>
  <h1>
    GifExpertApp
  </h1>
  <form
    name="gif-search"
  >
    <input
      placeholder="Buscar gifs"
      type="text"
      value=""
    />
  </form>
</div>
`;
